// Jest Snapshot v1, https://goo.gl/fbAQLP

exports[`Pruebas en FirstApp debe hacer match con el snapshot 1`] = `
<div>
  <h1>
    Soy Goku
  </h1>
  <h2>
    Sabías 
    Sebastián Colombo
  </h2>
  <h3>
    123
  </h3>
</div>
`;
